node : [SMSService] Twilio credentials not configured. SMS notifications will be disabled.
At line:1 char:1
+ node test-booking.js > test-output.txt 2>&1
+ ~~~~~~~~~~~~~~~~~~~~~~~~~~~~~~~~~~~~~~~~~~~
    + CategoryInfo          : NotSpecified: ([SMSService] Tw...ll be disabled.:String) [], RemoteException
    + FullyQualifiedErrorId : NativeCommandError
 
--- Testing Appointment Booking Fixes ---
1. Testing Valid Booking with SCHEDULED status...
Test Execution Failed: Error: An appointment already exists for this patient and doctor at the selected time.
    at AppointmentService.createAppointment (file:///C:/Users/mas20/Desktop/work/Al-shifa_Ayush/backend/services/appointment.service.js:74:19)
    at async testBookingFixes (file:///C:/Users/mas20/Desktop/work/Al-shifa_Ayush/backend/test-booking.js:28:29)
Error: An appointment already exists for this patient and doctor at the selected time.
    at AppointmentService.createAppointment (file:///C:/Users/mas20/Desktop/work/Al-shifa_Ayush/backend/services/appointment.service.js:74:19)
    at async testBookingFixes (file:///C:/Users/mas20/Desktop/work/Al-shifa_Ayush/backend/test-booking.js:28:29)
